Script started on Wed 04 Nov 2015 17:43:45 AEDT
[0;90m05:43:45[0m[0;91m {master} [1;33m~/squarecloud/talks-and-blogs/blogs/sap[0m$ git status
On branch master
Your branch is ahead of 'origin/master' by 5 commits.
  (use "git push" to publish your local commits)

Changes not staged for commit:
  (use "git add <file>..." to update what will be committed)
  (use "git checkout -- <file>..." to discard changes in working directory)

	[31mmodified:   Hi Git I'm ABAPer how do you do.md[m
	[31mmodified:   HiGit.html[m

Untracked files:
  (use "git add <file>..." to include in what will be committed)

	[31m../getting-back-into-it.md[m
	[31m../git-set-remote.md[m
	[31mHiGit2.html[m
	[31mHiGit2.md[m
	[31mgs-coloured.html[m
	[31mlog.txt[m
	[31mls.htm[m

no changes added to commit (use "git add" and/or "git commit -a")
[0;90m05:43:53[0m[0;91m {master} [1;33m~/squarecloud/talks-and-blogs/blogs/sap[0m$ git comi[Kmit -a -m "updating blog"
[master adf00a5] updating blog
 2 files changed, 87 insertions(+), 60 deletions(-)
[0;90m05:44:21[0m[0;91m {master} [1;33m~/squarecloud/talks-and-blogs/blogs/sap[0m$ git status
On branch master
Your branch is ahead of 'origin/master' by 6 commits.
  (use "git push" to publish your local commits)

Untracked files:
  (use "git add <file>..." to include in what will be committed)

	[31m../getting-back-into-it.md[m
	[31m../git-set-remote.md[m
	[31mHiGit2.html[m
	[31mHiGit2.md[m
	[31mgs-coloured.html[m
	[31mlog.txt[m
	[31mls.htm[m

nothing added to commit but untracked files present (use "git add" to track)
[0;90m05:44:29[0m[0;91m {master} [1;33m~/squarecloud/talks-and-blogs/blogs/sap[0m$ git add -A
warning: The behavior of 'git add --all (or -A)' with no path argument from a
subdirectory of the tree will change in Git 2.0 and should not be used anymore.
To add content for the whole tree, run:

  git add --all :/
  (or git add -A :/)

To restrict the command to the current directory, run:

  git add --all .
  (or git add -A .)

With the current Git version, the command is restricted to the current directory.

[0;90m05:44:41[0m[0;91m {master} [1;33m~/squarecloud/talks-and-blogs/blogs/sap[0m$ git add -A .
[0;90m05:44:55[0m[0;91m {master} [1;33m~/squarecloud/talks-and-blogs/blogs/sap[0m$ git commit -m "other odd [K[K[K[Ktne[K[Kemn[Kp files"
[master ed12bda] other temp files
 5 files changed, 459 insertions(+)
 create mode 100644 sap/HiGit2.html
 create mode 100644 sap/HiGit2.md
 create mode 100644 sap/gs-coloured.html
 create mode 100644 sap/log.txt
 create mode 100644 sap/ls.htm
[0;90m05:45:12[0m[0;91m {master} [1;33m~/squarecloud/talks-and-blogs/blogs/sap[0m$ 
[0;90m05:45:16[0m[0;91m {master} [1;33m~/squarecloud/talks-and-blogs/blogs/sap[0m$ git push
ssh: Could not resolve hostname github.com: Name or service not known
fatal: Could not read from remote repository.

Please make sure you have the correct access rights
and the repository exists.
[0;90m05:45:39[0m[0;91m {master} [1;33m~/squarecloud/talks-and-blogs/blogs/sap[0m$ git remote -v
origin	git@njames.github.com:njames/blogs.git (fetch)
origin	git@njames.github.com:njames/blogs.git (push)
[0;90m05:45:50[0m[0;91m {master} [1;33m~/squarecloud/talks-and-blogs/blogs/sap[0m$ exit
exit

Script done on Wed 04 Nov 2015 17:46:47 AEDT
